./commands/run-session-a.sh: OK
./commands/run-session-b.sh: OK
./control/a-ready.json: OK
./ledger/delegate-graph.json: OK
./ledger/delegate-log.txt: OK
./observations/a-after-b.txt: OK
./observations/a-before-b.txt: OK
./observations/a-listagents-ended.txt: OK
./observations/a-listagents-running.txt: OK
./observations/artifact-before.sha256: OK
./observations/frozen-procedure.sha256: OK
./observations/frozen-skill.sha256: OK
./observations/orchestrator-during-b.txt: OK
./observations/orchestrator-process-tree.txt: OK
./observations/prompt-command.sha256: OK
./observations/runtime-preflight.txt: OK
./procedure/delegate-SKILL.c6704966.md: OK
./procedure/recovery-procedure.md: OK
./prompts/session-a.txt: OK
./prompts/session-b.txt: OK
./raw/final-audit.log: OK
./raw/native-event-summary.log: OK
./raw/orchestrator-commands.log: OK
./raw/relevant-native-results.log: OK
./raw/report-verification.log: OK
./raw/session-a.exit: OK
./raw/session-a.stderr.log: OK
./raw/session-a.stream.jsonl: OK
./raw/session-b.exit: OK
./raw/session-b.stderr.log: OK
./raw/session-b.stream.jsonl: OK
./raw/worker-release.log: OK
./reports/runtime-report.md: OK
./reports/session-a-report.md: OK
./reports/session-b-report.md: OK
./task/output.txt: OK
./task/worker-started.txt: OK
